
> frontend@0.1.0 build
> next build

   Γû▓ Next.js 15.5.12
   - Experiments (use with caution):
     Γ¿» reactCompiler

   Creating an optimized production build ...
 Γ£ô Compiled successfully in 10.2s
   Linting and checking validity of types ...
node.exe : Failed to compile.
At C:\Program 
Files\nodejs\npm.ps1:29 char:3
+   & $NODE_EXE $NPM_CLI_JS $args
+   ~~~~~~~~~~~~~~~~~~~~~~~~~~~~~
    + CategoryInfo          : NotS 
   pecified: (Failed to compile.:  
  String) [], RemoteException
    + FullyQualifiedErrorId : Nati 
   veCommandError
 

./src/app/[locale]/(site)/about/pag
e.tsx:122:27
Type error: Property 'image' does 
not exist on type 'Leader'.

[0m [90m 120 |[39m              
       [33m<[39m[33mspan[39m 
className[33m=[39m[32m"text-4xl 
font-bold"[39m[33m>[39m{leader[
33m.[39mname[33m.[39mcharAt([35
m0[39m)}[33m<[39m[33m/[39m[33
mspan[39m[33m>[39m
 [90m 121 |[39m                  
 [33m<[39m[33m/[39m[33mdiv[39
m[33m>[39m
[31m[1m>[22m[39m[90m 122 
|[39m                   
{leader[33m.[39mimage 
[33m&&[39m (
 [90m     |[39m                  
         [31m[1m^[22m[39m
 [90m 123 |[39m                  
   [33m<[39m[33mImage[39m 
 [90m 124 |[39m                  
     src[33m=[39m{leader[33m.[3
9mimage} 
 [90m 125 |[39m                  
     alt[33m=[39m{leader[33m.[3
9mname} [0m
Next.js build worker exited with 
code: 1 and signal: null
